[0.501s] Invoking command in '/home/yamada-koki/jasa_work/hakoniwa-digital-twin/real/camera/workspace/infra_camera': DEBUGINFOD_URLS=https://debuginfod.ubuntu.com PYTHONPATH=/home/yamada-koki/jasa_work/hakoniwa-digital-twin/real/camera/workspace/build/infra_camera/prefix_override:/usr/lib/python3/dist-packages/colcon_core/task/python/colcon_distutils_commands:/home/yamada-koki/jasa_work/hakoniwa-digital-twin/real/camera/workspace/install/infra_camera/lib/python3.12/site-packages: /usr/bin/python3 -W ignore:setup.py install is deprecated setup.py egg_info --egg-base ../build/infra_camera build --build-base /home/yamada-koki/jasa_work/hakoniwa-digital-twin/real/camera/workspace/build/infra_camera/build install --record /home/yamada-koki/jasa_work/hakoniwa-digital-twin/real/camera/workspace/build/infra_camera/install.log --single-version-externally-managed install_data
[0.669s] running egg_info
[0.678s] writing ../build/infra_camera/infra_camera.egg-info/PKG-INFO
[0.679s] writing dependency_links to ../build/infra_camera/infra_camera.egg-info/dependency_links.txt
[0.679s] writing entry points to ../build/infra_camera/infra_camera.egg-info/entry_points.txt
[0.679s] writing requirements to ../build/infra_camera/infra_camera.egg-info/requires.txt
[0.679s] writing top-level names to ../build/infra_camera/infra_camera.egg-info/top_level.txt
[0.699s] reading manifest file '../build/infra_camera/infra_camera.egg-info/SOURCES.txt'
[0.699s] writing manifest file '../build/infra_camera/infra_camera.egg-info/SOURCES.txt'
[0.699s] running build
[0.699s] running build_py
[0.700s] copying infra_camera/camera_publisher.py -> /home/yamada-koki/jasa_work/hakoniwa-digital-twin/real/camera/workspace/build/infra_camera/build/lib/infra_camera
[0.700s] running install
[0.705s] running install_lib
[0.716s] copying /home/yamada-koki/jasa_work/hakoniwa-digital-twin/real/camera/workspace/build/infra_camera/build/lib/infra_camera/camera_publisher.py -> /home/yamada-koki/jasa_work/hakoniwa-digital-twin/real/camera/workspace/install/infra_camera/lib/python3.12/site-packages/infra_camera
[0.716s] byte-compiling /home/yamada-koki/jasa_work/hakoniwa-digital-twin/real/camera/workspace/install/infra_camera/lib/python3.12/site-packages/infra_camera/camera_publisher.py to camera_publisher.cpython-312.pyc
[0.717s] running install_data
[0.717s] running install_egg_info
[0.728s] removing '/home/yamada-koki/jasa_work/hakoniwa-digital-twin/real/camera/workspace/install/infra_camera/lib/python3.12/site-packages/infra_camera-0.0.0-py3.12.egg-info' (and everything under it)
[0.728s] Copying ../build/infra_camera/infra_camera.egg-info to /home/yamada-koki/jasa_work/hakoniwa-digital-twin/real/camera/workspace/install/infra_camera/lib/python3.12/site-packages/infra_camera-0.0.0-py3.12.egg-info
[0.729s] running install_scripts
[0.804s] Installing camera_publisher script to /home/yamada-koki/jasa_work/hakoniwa-digital-twin/real/camera/workspace/install/infra_camera/lib/infra_camera
[0.804s] writing list of installed files to '/home/yamada-koki/jasa_work/hakoniwa-digital-twin/real/camera/workspace/build/infra_camera/install.log'
[0.824s] Invoked command in '/home/yamada-koki/jasa_work/hakoniwa-digital-twin/real/camera/workspace/infra_camera' returned '0': DEBUGINFOD_URLS=https://debuginfod.ubuntu.com PYTHONPATH=/home/yamada-koki/jasa_work/hakoniwa-digital-twin/real/camera/workspace/build/infra_camera/prefix_override:/usr/lib/python3/dist-packages/colcon_core/task/python/colcon_distutils_commands:/home/yamada-koki/jasa_work/hakoniwa-digital-twin/real/camera/workspace/install/infra_camera/lib/python3.12/site-packages: /usr/bin/python3 -W ignore:setup.py install is deprecated setup.py egg_info --egg-base ../build/infra_camera build --build-base /home/yamada-koki/jasa_work/hakoniwa-digital-twin/real/camera/workspace/build/infra_camera/build install --record /home/yamada-koki/jasa_work/hakoniwa-digital-twin/real/camera/workspace/build/infra_camera/install.log --single-version-externally-managed install_data
