running egg_info
writing ../build/infra_camera/infra_camera.egg-info/PKG-INFO
writing dependency_links to ../build/infra_camera/infra_camera.egg-info/dependency_links.txt
writing entry points to ../build/infra_camera/infra_camera.egg-info/entry_points.txt
writing requirements to ../build/infra_camera/infra_camera.egg-info/requires.txt
writing top-level names to ../build/infra_camera/infra_camera.egg-info/top_level.txt
reading manifest file '../build/infra_camera/infra_camera.egg-info/SOURCES.txt'
writing manifest file '../build/infra_camera/infra_camera.egg-info/SOURCES.txt'
running build
running build_py
copying infra_camera/camera_publisher.py -> /home/jasa/work/hakoniwa-digital-twin/real/camera/workspace/build/infra_camera/build/lib/infra_camera
running install
running install_lib
creating /home/jasa/work/hakoniwa-digital-twin/real/camera/workspace/install/infra_camera/lib/python3.10/site-packages/infra_camera
copying /home/jasa/work/hakoniwa-digital-twin/real/camera/workspace/build/infra_camera/build/lib/infra_camera/camera_publisher.py -> /home/jasa/work/hakoniwa-digital-twin/real/camera/workspace/install/infra_camera/lib/python3.10/site-packages/infra_camera
copying /home/jasa/work/hakoniwa-digital-twin/real/camera/workspace/build/infra_camera/build/lib/infra_camera/__init__.py -> /home/jasa/work/hakoniwa-digital-twin/real/camera/workspace/install/infra_camera/lib/python3.10/site-packages/infra_camera
byte-compiling /home/jasa/work/hakoniwa-digital-twin/real/camera/workspace/install/infra_camera/lib/python3.10/site-packages/infra_camera/camera_publisher.py to camera_publisher.cpython-310.pyc
byte-compiling /home/jasa/work/hakoniwa-digital-twin/real/camera/workspace/install/infra_camera/lib/python3.10/site-packages/infra_camera/__init__.py to __init__.cpython-310.pyc
running install_data
running install_egg_info
Copying ../build/infra_camera/infra_camera.egg-info to /home/jasa/work/hakoniwa-digital-twin/real/camera/workspace/install/infra_camera/lib/python3.10/site-packages/infra_camera-0.0.0-py3.10.egg-info
running install_scripts
Installing camera_publisher script to /home/jasa/work/hakoniwa-digital-twin/real/camera/workspace/install/infra_camera/lib/infra_camera
writing list of installed files to '/home/jasa/work/hakoniwa-digital-twin/real/camera/workspace/build/infra_camera/install.log'
