[0.060s] DEBUG:colcon:Command line arguments: ['/usr/bin/colcon', 'build']
[0.060s] DEBUG:colcon:Parsed command line arguments: Namespace(log_base=None, log_level=None, verb_name='build', build_base='build', install_base='install', merge_install=False, symlink_install=False, test_result_base=None, continue_on_error=False, executor='parallel', parallel_workers=12, event_handlers=None, ignore_user_meta=False, metas=['./colcon.meta'], base_paths=['.'], packages_ignore=None, packages_ignore_regex=None, paths=None, packages_up_to=None, packages_up_to_regex=None, packages_above=None, packages_above_and_dependencies=None, packages_above_depth=None, packages_select_by_dep=None, packages_skip_by_dep=None, packages_skip_up_to=None, packages_select_build_failed=False, packages_skip_build_finished=False, packages_select_test_failures=False, packages_skip_test_passed=False, packages_select=None, packages_skip=None, packages_select_regex=None, packages_skip_regex=None, packages_start=None, packages_end=None, allow_overriding=[], cmake_args=None, cmake_target=None, cmake_target_skip_unavailable=False, cmake_clean_cache=False, cmake_clean_first=False, cmake_force_configure=False, ament_cmake_args=None, catkin_cmake_args=None, catkin_skip_building_tests=False, mixin_files=None, mixin=None, verb_parser=<colcon_mixin.mixin.mixin_argument.MixinArgumentDecorator object at 0x72f8c6f46350>, verb_extension=<colcon_core.verb.build.BuildVerb object at 0x72f8c6f45ea0>, main=<bound method BuildVerb.main of <colcon_core.verb.build.BuildVerb object at 0x72f8c6f45ea0>>, mixin_verb=('build',))
[0.152s] Level 1:colcon.colcon_core.package_discovery:discover_packages(colcon_meta) check parameters
[0.152s] Level 1:colcon.colcon_core.package_discovery:discover_packages(recursive) check parameters
[0.152s] Level 1:colcon.colcon_core.package_discovery:discover_packages(ignore) check parameters
[0.152s] Level 1:colcon.colcon_core.package_discovery:discover_packages(path) check parameters
[0.152s] Level 1:colcon.colcon_core.package_discovery:discover_packages(colcon_meta) discover
[0.152s] Level 1:colcon.colcon_core.package_discovery:discover_packages(recursive) discover
[0.152s] INFO:colcon.colcon_core.package_discovery:Crawling recursively for packages in '/home/jasa/work/hakoniwa-digital-twin/real/camera/workspace'
[0.152s] Level 1:colcon.colcon_core.package_identification:_identify(.) by extensions ['ignore', 'ignore_ament_install']
[0.152s] Level 1:colcon.colcon_core.package_identification:_identify(.) by extension 'ignore'
[0.152s] Level 1:colcon.colcon_core.package_identification:_identify(.) by extension 'ignore_ament_install'
[0.153s] Level 1:colcon.colcon_core.package_identification:_identify(.) by extensions ['colcon_pkg']
[0.153s] Level 1:colcon.colcon_core.package_identification:_identify(.) by extension 'colcon_pkg'
[0.153s] Level 1:colcon.colcon_core.package_identification:_identify(.) by extensions ['colcon_meta']
[0.153s] Level 1:colcon.colcon_core.package_identification:_identify(.) by extension 'colcon_meta'
[0.153s] Level 1:colcon.colcon_core.package_identification:_identify(.) by extensions ['ros']
[0.153s] Level 1:colcon.colcon_core.package_identification:_identify(.) by extension 'ros'
[0.159s] Level 1:colcon.colcon_core.package_identification:_identify(.) by extensions ['cmake', 'python']
[0.159s] Level 1:colcon.colcon_core.package_identification:_identify(.) by extension 'cmake'
[0.159s] Level 1:colcon.colcon_core.package_identification:_identify(.) by extension 'python'
[0.159s] Level 1:colcon.colcon_core.package_identification:_identify(.) by extensions ['python_setup_py']
[0.159s] Level 1:colcon.colcon_core.package_identification:_identify(.) by extension 'python_setup_py'
[0.160s] Level 1:colcon.colcon_core.package_identification:_identify(build) by extensions ['ignore', 'ignore_ament_install']
[0.160s] Level 1:colcon.colcon_core.package_identification:_identify(build) by extension 'ignore'
[0.160s] Level 1:colcon.colcon_core.package_identification:_identify(build) ignored
[0.160s] Level 1:colcon.colcon_core.package_identification:_identify(infra_camera) by extensions ['ignore', 'ignore_ament_install']
[0.160s] Level 1:colcon.colcon_core.package_identification:_identify(infra_camera) by extension 'ignore'
[0.160s] Level 1:colcon.colcon_core.package_identification:_identify(infra_camera) by extension 'ignore_ament_install'
[0.160s] Level 1:colcon.colcon_core.package_identification:_identify(infra_camera) by extensions ['colcon_pkg']
[0.160s] Level 1:colcon.colcon_core.package_identification:_identify(infra_camera) by extension 'colcon_pkg'
[0.160s] Level 1:colcon.colcon_core.package_identification:_identify(infra_camera) by extensions ['colcon_meta']
[0.160s] Level 1:colcon.colcon_core.package_identification:_identify(infra_camera) by extension 'colcon_meta'
[0.160s] Level 1:colcon.colcon_core.package_identification:_identify(infra_camera) by extensions ['ros']
[0.160s] Level 1:colcon.colcon_core.package_identification:_identify(infra_camera) by extension 'ros'
[0.161s] DEBUG:colcon.colcon_core.package_identification:Package 'infra_camera' with type 'ros.ament_python' and name 'infra_camera'
[0.161s] Level 1:colcon.colcon_core.package_identification:_identify(install) by extensions ['ignore', 'ignore_ament_install']
[0.161s] Level 1:colcon.colcon_core.package_identification:_identify(install) by extension 'ignore'
[0.161s] Level 1:colcon.colcon_core.package_identification:_identify(install) ignored
[0.162s] Level 1:colcon.colcon_core.package_identification:_identify(log) by extensions ['ignore', 'ignore_ament_install']
[0.162s] Level 1:colcon.colcon_core.package_identification:_identify(log) by extension 'ignore'
[0.162s] Level 1:colcon.colcon_core.package_identification:_identify(log) ignored
[0.162s] Level 1:colcon.colcon_core.package_discovery:discover_packages(recursive) using defaults
[0.162s] Level 1:colcon.colcon_core.package_discovery:discover_packages(ignore) discover
[0.162s] Level 1:colcon.colcon_core.package_discovery:discover_packages(ignore) using defaults
[0.162s] Level 1:colcon.colcon_core.package_discovery:discover_packages(path) discover
[0.162s] Level 1:colcon.colcon_core.package_discovery:discover_packages(path) using defaults
[0.174s] Level 1:colcon.colcon_core.package_discovery:discover_packages(prefix_path) check parameters
[0.174s] Level 1:colcon.colcon_core.package_discovery:discover_packages(prefix_path) discover
[0.175s] DEBUG:colcon.colcon_installed_package_information.package_discovery:Found 1 installed packages in /home/jasa/work/hakoniwa-digital-twin/real/camera/workspace/install
[0.176s] DEBUG:colcon.colcon_installed_package_information.package_discovery:Found 270 installed packages in /opt/ros/humble
[0.183s] Level 1:colcon.colcon_core.package_discovery:discover_packages(prefix_path) using defaults
[0.201s] Level 5:colcon.colcon_core.verb:set package 'infra_camera' build argument 'cmake_args' from command line to 'None'
[0.201s] Level 5:colcon.colcon_core.verb:set package 'infra_camera' build argument 'cmake_target' from command line to 'None'
[0.201s] Level 5:colcon.colcon_core.verb:set package 'infra_camera' build argument 'cmake_target_skip_unavailable' from command line to 'False'
[0.201s] Level 5:colcon.colcon_core.verb:set package 'infra_camera' build argument 'cmake_clean_cache' from command line to 'False'
[0.201s] Level 5:colcon.colcon_core.verb:set package 'infra_camera' build argument 'cmake_clean_first' from command line to 'False'
[0.201s] Level 5:colcon.colcon_core.verb:set package 'infra_camera' build argument 'cmake_force_configure' from command line to 'False'
[0.201s] Level 5:colcon.colcon_core.verb:set package 'infra_camera' build argument 'ament_cmake_args' from command line to 'None'
[0.201s] Level 5:colcon.colcon_core.verb:set package 'infra_camera' build argument 'catkin_cmake_args' from command line to 'None'
[0.201s] Level 5:colcon.colcon_core.verb:set package 'infra_camera' build argument 'catkin_skip_building_tests' from command line to 'False'
[0.201s] DEBUG:colcon.colcon_core.verb:Building package 'infra_camera' with the following arguments: {'ament_cmake_args': None, 'build_base': '/home/jasa/work/hakoniwa-digital-twin/real/camera/workspace/build/infra_camera', 'catkin_cmake_args': None, 'catkin_skip_building_tests': False, 'cmake_args': None, 'cmake_clean_cache': False, 'cmake_clean_first': False, 'cmake_force_configure': False, 'cmake_target': None, 'cmake_target_skip_unavailable': False, 'install_base': '/home/jasa/work/hakoniwa-digital-twin/real/camera/workspace/install/infra_camera', 'merge_install': False, 'path': '/home/jasa/work/hakoniwa-digital-twin/real/camera/workspace/infra_camera', 'symlink_install': False, 'test_result_base': None}
[0.201s] INFO:colcon.colcon_core.executor:Executing jobs using 'parallel' executor
[0.202s] DEBUG:colcon.colcon_parallel_executor.executor.parallel:run_until_complete
[0.202s] INFO:colcon.colcon_ros.task.ament_python.build:Building ROS package in '/home/jasa/work/hakoniwa-digital-twin/real/camera/workspace/infra_camera' with build type 'ament_python'
[0.202s] Level 1:colcon.colcon_core.shell:create_environment_hook('infra_camera', 'ament_prefix_path')
[0.203s] INFO:colcon.colcon_core.plugin_system:Skipping extension 'colcon_core.shell.bat': Not used on non-Windows systems
[0.203s] INFO:colcon.colcon_core.shell:Creating environment hook '/home/jasa/work/hakoniwa-digital-twin/real/camera/workspace/install/infra_camera/share/infra_camera/hook/ament_prefix_path.ps1'
[0.204s] INFO:colcon.colcon_core.shell:Creating environment descriptor '/home/jasa/work/hakoniwa-digital-twin/real/camera/workspace/install/infra_camera/share/infra_camera/hook/ament_prefix_path.dsv'
[0.204s] INFO:colcon.colcon_core.shell:Creating environment hook '/home/jasa/work/hakoniwa-digital-twin/real/camera/workspace/install/infra_camera/share/infra_camera/hook/ament_prefix_path.sh'
[0.205s] INFO:colcon.colcon_core.shell:Skip shell extension 'powershell' for command environment: Not usable outside of PowerShell
[0.205s] DEBUG:colcon.colcon_core.shell:Skip shell extension 'dsv' for command environment
[0.342s] INFO:colcon.colcon_core.task.python.build:Building Python package in '/home/jasa/work/hakoniwa-digital-twin/real/camera/workspace/infra_camera'
[0.342s] INFO:colcon.colcon_core.shell:Skip shell extension 'powershell' for command environment: Not usable outside of PowerShell
[0.342s] DEBUG:colcon.colcon_core.shell:Skip shell extension 'dsv' for command environment
[0.519s] DEBUG:colcon.colcon_core.event_handler.log_command:Invoking command in '/home/jasa/work/hakoniwa-digital-twin/real/camera/workspace/infra_camera': PYTHONPATH=/home/jasa/work/hakoniwa-digital-twin/real/camera/workspace/build/infra_camera/prefix_override:/usr/lib/python3/dist-packages/colcon_core/task/python/colcon_distutils_commands:/home/jasa/work/hakoniwa-digital-twin/real/camera/workspace/install/infra_camera/lib/python3.10/site-packages:${PYTHONPATH} /usr/bin/python3 -W ignore:setup.py install is deprecated setup.py egg_info --egg-base ../build/infra_camera build --build-base /home/jasa/work/hakoniwa-digital-twin/real/camera/workspace/build/infra_camera/build install --record /home/jasa/work/hakoniwa-digital-twin/real/camera/workspace/build/infra_camera/install.log --single-version-externally-managed install_data
[0.686s] DEBUG:colcon.colcon_core.event_handler.log_command:Invoked command in '/home/jasa/work/hakoniwa-digital-twin/real/camera/workspace/infra_camera' returned '0': PYTHONPATH=/home/jasa/work/hakoniwa-digital-twin/real/camera/workspace/build/infra_camera/prefix_override:/usr/lib/python3/dist-packages/colcon_core/task/python/colcon_distutils_commands:/home/jasa/work/hakoniwa-digital-twin/real/camera/workspace/install/infra_camera/lib/python3.10/site-packages:${PYTHONPATH} /usr/bin/python3 -W ignore:setup.py install is deprecated setup.py egg_info --egg-base ../build/infra_camera build --build-base /home/jasa/work/hakoniwa-digital-twin/real/camera/workspace/build/infra_camera/build install --record /home/jasa/work/hakoniwa-digital-twin/real/camera/workspace/build/infra_camera/install.log --single-version-externally-managed install_data
[0.687s] Level 1:colcon.colcon_core.environment:checking '/home/jasa/work/hakoniwa-digital-twin/real/camera/workspace/install/infra_camera' for CMake module files
[0.687s] Level 1:colcon.colcon_core.environment:checking '/home/jasa/work/hakoniwa-digital-twin/real/camera/workspace/install/infra_camera' for CMake config files
[0.688s] Level 1:colcon.colcon_core.environment:checking '/home/jasa/work/hakoniwa-digital-twin/real/camera/workspace/install/infra_camera/lib'
[0.688s] Level 1:colcon.colcon_core.environment:checking '/home/jasa/work/hakoniwa-digital-twin/real/camera/workspace/install/infra_camera/bin'
[0.688s] Level 1:colcon.colcon_core.environment:checking '/home/jasa/work/hakoniwa-digital-twin/real/camera/workspace/install/infra_camera/lib/pkgconfig/infra_camera.pc'
[0.688s] Level 1:colcon.colcon_core.environment:checking '/home/jasa/work/hakoniwa-digital-twin/real/camera/workspace/install/infra_camera/lib/python3.10/site-packages'
[0.688s] Level 1:colcon.colcon_core.shell:create_environment_hook('infra_camera', 'pythonpath')
[0.688s] INFO:colcon.colcon_core.shell:Creating environment hook '/home/jasa/work/hakoniwa-digital-twin/real/camera/workspace/install/infra_camera/share/infra_camera/hook/pythonpath.ps1'
[0.689s] INFO:colcon.colcon_core.shell:Creating environment descriptor '/home/jasa/work/hakoniwa-digital-twin/real/camera/workspace/install/infra_camera/share/infra_camera/hook/pythonpath.dsv'
[0.689s] INFO:colcon.colcon_core.shell:Creating environment hook '/home/jasa/work/hakoniwa-digital-twin/real/camera/workspace/install/infra_camera/share/infra_camera/hook/pythonpath.sh'
[0.689s] Level 1:colcon.colcon_core.environment:checking '/home/jasa/work/hakoniwa-digital-twin/real/camera/workspace/install/infra_camera/bin'
[0.689s] Level 1:colcon.colcon_core.environment:create_environment_scripts_only(infra_camera)
[0.690s] INFO:colcon.colcon_core.shell:Creating package script '/home/jasa/work/hakoniwa-digital-twin/real/camera/workspace/install/infra_camera/share/infra_camera/package.ps1'
[0.690s] INFO:colcon.colcon_core.shell:Creating package descriptor '/home/jasa/work/hakoniwa-digital-twin/real/camera/workspace/install/infra_camera/share/infra_camera/package.dsv'
[0.690s] INFO:colcon.colcon_core.shell:Creating package script '/home/jasa/work/hakoniwa-digital-twin/real/camera/workspace/install/infra_camera/share/infra_camera/package.sh'
[0.691s] INFO:colcon.colcon_core.shell:Creating package script '/home/jasa/work/hakoniwa-digital-twin/real/camera/workspace/install/infra_camera/share/infra_camera/package.bash'
[0.691s] INFO:colcon.colcon_core.shell:Creating package script '/home/jasa/work/hakoniwa-digital-twin/real/camera/workspace/install/infra_camera/share/infra_camera/package.zsh'
[0.692s] Level 1:colcon.colcon_core.environment:create_file_with_runtime_dependencies(/home/jasa/work/hakoniwa-digital-twin/real/camera/workspace/install/infra_camera/share/colcon-core/packages/infra_camera)
[0.692s] DEBUG:colcon.colcon_parallel_executor.executor.parallel:closing loop
[0.692s] DEBUG:colcon.colcon_parallel_executor.executor.parallel:loop closed
[0.692s] DEBUG:colcon.colcon_parallel_executor.executor.parallel:run_until_complete finished with '0'
[0.693s] DEBUG:colcon.colcon_core.event_reactor:joining thread
[0.695s] INFO:colcon.colcon_core.plugin_system:Skipping extension 'colcon_notification.desktop_notification.terminal_notifier': Not used on non-Darwin systems
[0.695s] INFO:colcon.colcon_core.plugin_system:Skipping extension 'colcon_notification.desktop_notification.win32': Not used on non-Windows systems
[0.696s] INFO:colcon.colcon_notification.desktop_notification:Sending desktop notification using 'notify2'
[0.707s] DEBUG:colcon.colcon_core.event_reactor:joined thread
[0.707s] INFO:colcon.colcon_core.shell:Creating prefix script '/home/jasa/work/hakoniwa-digital-twin/real/camera/workspace/install/local_setup.ps1'
[0.708s] INFO:colcon.colcon_core.shell:Creating prefix util module '/home/jasa/work/hakoniwa-digital-twin/real/camera/workspace/install/_local_setup_util_ps1.py'
[0.708s] INFO:colcon.colcon_core.shell:Creating prefix chain script '/home/jasa/work/hakoniwa-digital-twin/real/camera/workspace/install/setup.ps1'
[0.709s] INFO:colcon.colcon_core.shell:Creating prefix script '/home/jasa/work/hakoniwa-digital-twin/real/camera/workspace/install/local_setup.sh'
[0.709s] INFO:colcon.colcon_core.shell:Creating prefix util module '/home/jasa/work/hakoniwa-digital-twin/real/camera/workspace/install/_local_setup_util_sh.py'
[0.710s] INFO:colcon.colcon_core.shell:Creating prefix chain script '/home/jasa/work/hakoniwa-digital-twin/real/camera/workspace/install/setup.sh'
[0.710s] INFO:colcon.colcon_core.shell:Creating prefix script '/home/jasa/work/hakoniwa-digital-twin/real/camera/workspace/install/local_setup.bash'
[0.710s] INFO:colcon.colcon_core.shell:Creating prefix chain script '/home/jasa/work/hakoniwa-digital-twin/real/camera/workspace/install/setup.bash'
[0.711s] INFO:colcon.colcon_core.shell:Creating prefix script '/home/jasa/work/hakoniwa-digital-twin/real/camera/workspace/install/local_setup.zsh'
[0.711s] INFO:colcon.colcon_core.shell:Creating prefix chain script '/home/jasa/work/hakoniwa-digital-twin/real/camera/workspace/install/setup.zsh'
