[0.058s] DEBUG:colcon:Command line arguments: ['/usr/bin/colcon', 'build']
[0.058s] DEBUG:colcon:Parsed command line arguments: Namespace(log_base=None, log_level=None, verb_name='build', build_base='build', install_base='install', merge_install=False, symlink_install=False, test_result_base=None, continue_on_error=False, executor='parallel', parallel_workers=12, event_handlers=None, ignore_user_meta=False, metas=['./colcon.meta'], base_paths=['.'], packages_ignore=None, packages_ignore_regex=None, paths=None, packages_up_to=None, packages_up_to_regex=None, packages_above=None, packages_above_and_dependencies=None, packages_above_depth=None, packages_select_by_dep=None, packages_skip_by_dep=None, packages_skip_up_to=None, packages_select_build_failed=False, packages_skip_build_finished=False, packages_select_test_failures=False, packages_skip_test_passed=False, packages_select=None, packages_skip=None, packages_select_regex=None, packages_skip_regex=None, packages_start=None, packages_end=None, allow_overriding=[], cmake_args=None, cmake_target=None, cmake_target_skip_unavailable=False, cmake_clean_cache=False, cmake_clean_first=False, cmake_force_configure=False, ament_cmake_args=None, catkin_cmake_args=None, catkin_skip_building_tests=False, mixin_files=None, mixin=None, verb_parser=<colcon_mixin.mixin.mixin_argument.MixinArgumentDecorator object at 0x7e34d313a020>, verb_extension=<colcon_core.verb.build.BuildVerb object at 0x7e34d3139690>, main=<bound method BuildVerb.main of <colcon_core.verb.build.BuildVerb object at 0x7e34d3139690>>, mixin_verb=('build',))
[0.140s] Level 1:colcon.colcon_core.package_discovery:discover_packages(colcon_meta) check parameters
[0.140s] Level 1:colcon.colcon_core.package_discovery:discover_packages(recursive) check parameters
[0.140s] Level 1:colcon.colcon_core.package_discovery:discover_packages(ignore) check parameters
[0.140s] Level 1:colcon.colcon_core.package_discovery:discover_packages(path) check parameters
[0.140s] Level 1:colcon.colcon_core.package_discovery:discover_packages(colcon_meta) discover
[0.140s] Level 1:colcon.colcon_core.package_discovery:discover_packages(recursive) discover
[0.140s] INFO:colcon.colcon_core.package_discovery:Crawling recursively for packages in '/home/jasa/work/hakoniwa-digital-twin/real/button/infra_button'
[0.140s] Level 1:colcon.colcon_core.package_identification:_identify(.) by extensions ['ignore', 'ignore_ament_install']
[0.140s] Level 1:colcon.colcon_core.package_identification:_identify(.) by extension 'ignore'
[0.140s] Level 1:colcon.colcon_core.package_identification:_identify(.) by extension 'ignore_ament_install'
[0.140s] Level 1:colcon.colcon_core.package_identification:_identify(.) by extensions ['colcon_pkg']
[0.140s] Level 1:colcon.colcon_core.package_identification:_identify(.) by extension 'colcon_pkg'
[0.140s] Level 1:colcon.colcon_core.package_identification:_identify(.) by extensions ['colcon_meta']
[0.140s] Level 1:colcon.colcon_core.package_identification:_identify(.) by extension 'colcon_meta'
[0.140s] Level 1:colcon.colcon_core.package_identification:_identify(.) by extensions ['ros']
[0.140s] Level 1:colcon.colcon_core.package_identification:_identify(.) by extension 'ros'
[0.149s] DEBUG:colcon.colcon_core.package_identification:Package '.' with type 'ros.ament_python' and name 'infra_button'
[0.149s] Level 1:colcon.colcon_core.package_discovery:discover_packages(recursive) using defaults
[0.149s] Level 1:colcon.colcon_core.package_discovery:discover_packages(ignore) discover
[0.149s] Level 1:colcon.colcon_core.package_discovery:discover_packages(ignore) using defaults
[0.149s] Level 1:colcon.colcon_core.package_discovery:discover_packages(path) discover
[0.149s] Level 1:colcon.colcon_core.package_discovery:discover_packages(path) using defaults
[0.161s] Level 1:colcon.colcon_core.package_discovery:discover_packages(prefix_path) check parameters
[0.161s] Level 1:colcon.colcon_core.package_discovery:discover_packages(prefix_path) discover
[0.162s] DEBUG:colcon.colcon_installed_package_information.package_discovery:Found 1 installed packages in /home/jasa/work/hakoniwa-digital-twin/real/button/infra_button/install
[0.162s] DEBUG:colcon.colcon_installed_package_information.package_discovery:Found 270 installed packages in /opt/ros/humble
[0.169s] Level 1:colcon.colcon_core.package_discovery:discover_packages(prefix_path) using defaults
[0.187s] Level 5:colcon.colcon_core.verb:set package 'infra_button' build argument 'cmake_args' from command line to 'None'
[0.187s] Level 5:colcon.colcon_core.verb:set package 'infra_button' build argument 'cmake_target' from command line to 'None'
[0.187s] Level 5:colcon.colcon_core.verb:set package 'infra_button' build argument 'cmake_target_skip_unavailable' from command line to 'False'
[0.187s] Level 5:colcon.colcon_core.verb:set package 'infra_button' build argument 'cmake_clean_cache' from command line to 'False'
[0.187s] Level 5:colcon.colcon_core.verb:set package 'infra_button' build argument 'cmake_clean_first' from command line to 'False'
[0.187s] Level 5:colcon.colcon_core.verb:set package 'infra_button' build argument 'cmake_force_configure' from command line to 'False'
[0.187s] Level 5:colcon.colcon_core.verb:set package 'infra_button' build argument 'ament_cmake_args' from command line to 'None'
[0.187s] Level 5:colcon.colcon_core.verb:set package 'infra_button' build argument 'catkin_cmake_args' from command line to 'None'
[0.187s] Level 5:colcon.colcon_core.verb:set package 'infra_button' build argument 'catkin_skip_building_tests' from command line to 'False'
[0.187s] DEBUG:colcon.colcon_core.verb:Building package 'infra_button' with the following arguments: {'ament_cmake_args': None, 'build_base': '/home/jasa/work/hakoniwa-digital-twin/real/button/infra_button/build/infra_button', 'catkin_cmake_args': None, 'catkin_skip_building_tests': False, 'cmake_args': None, 'cmake_clean_cache': False, 'cmake_clean_first': False, 'cmake_force_configure': False, 'cmake_target': None, 'cmake_target_skip_unavailable': False, 'install_base': '/home/jasa/work/hakoniwa-digital-twin/real/button/infra_button/install/infra_button', 'merge_install': False, 'path': '/home/jasa/work/hakoniwa-digital-twin/real/button/infra_button', 'symlink_install': False, 'test_result_base': None}
[0.187s] INFO:colcon.colcon_core.executor:Executing jobs using 'parallel' executor
[0.188s] DEBUG:colcon.colcon_parallel_executor.executor.parallel:run_until_complete
[0.188s] INFO:colcon.colcon_ros.task.ament_python.build:Building ROS package in '/home/jasa/work/hakoniwa-digital-twin/real/button/infra_button' with build type 'ament_python'
[0.188s] Level 1:colcon.colcon_core.shell:create_environment_hook('infra_button', 'ament_prefix_path')
[0.189s] INFO:colcon.colcon_core.plugin_system:Skipping extension 'colcon_core.shell.bat': Not used on non-Windows systems
[0.189s] INFO:colcon.colcon_core.shell:Creating environment hook '/home/jasa/work/hakoniwa-digital-twin/real/button/infra_button/install/infra_button/share/infra_button/hook/ament_prefix_path.ps1'
[0.190s] INFO:colcon.colcon_core.shell:Creating environment descriptor '/home/jasa/work/hakoniwa-digital-twin/real/button/infra_button/install/infra_button/share/infra_button/hook/ament_prefix_path.dsv'
[0.190s] INFO:colcon.colcon_core.shell:Creating environment hook '/home/jasa/work/hakoniwa-digital-twin/real/button/infra_button/install/infra_button/share/infra_button/hook/ament_prefix_path.sh'
[0.191s] INFO:colcon.colcon_core.shell:Skip shell extension 'powershell' for command environment: Not usable outside of PowerShell
[0.191s] DEBUG:colcon.colcon_core.shell:Skip shell extension 'dsv' for command environment
[0.327s] INFO:colcon.colcon_core.task.python.build:Building Python package in '/home/jasa/work/hakoniwa-digital-twin/real/button/infra_button'
[0.327s] INFO:colcon.colcon_core.shell:Skip shell extension 'powershell' for command environment: Not usable outside of PowerShell
[0.327s] DEBUG:colcon.colcon_core.shell:Skip shell extension 'dsv' for command environment
[0.502s] DEBUG:colcon.colcon_core.event_handler.log_command:Invoking command in '/home/jasa/work/hakoniwa-digital-twin/real/button/infra_button': PYTHONPATH=/home/jasa/work/hakoniwa-digital-twin/real/button/infra_button/build/infra_button/prefix_override:/usr/lib/python3/dist-packages/colcon_core/task/python/colcon_distutils_commands:/home/jasa/work/hakoniwa-digital-twin/real/button/infra_button/install/infra_button/lib/python3.10/site-packages:${PYTHONPATH} /usr/bin/python3 -W ignore:setup.py install is deprecated setup.py egg_info --egg-base build/infra_button build --build-base /home/jasa/work/hakoniwa-digital-twin/real/button/infra_button/build/infra_button/build install --record /home/jasa/work/hakoniwa-digital-twin/real/button/infra_button/build/infra_button/install.log --single-version-externally-managed install_data
[0.660s] DEBUG:colcon.colcon_core.event_handler.log_command:Invoked command in '/home/jasa/work/hakoniwa-digital-twin/real/button/infra_button' returned '0': PYTHONPATH=/home/jasa/work/hakoniwa-digital-twin/real/button/infra_button/build/infra_button/prefix_override:/usr/lib/python3/dist-packages/colcon_core/task/python/colcon_distutils_commands:/home/jasa/work/hakoniwa-digital-twin/real/button/infra_button/install/infra_button/lib/python3.10/site-packages:${PYTHONPATH} /usr/bin/python3 -W ignore:setup.py install is deprecated setup.py egg_info --egg-base build/infra_button build --build-base /home/jasa/work/hakoniwa-digital-twin/real/button/infra_button/build/infra_button/build install --record /home/jasa/work/hakoniwa-digital-twin/real/button/infra_button/build/infra_button/install.log --single-version-externally-managed install_data
[0.661s] Level 1:colcon.colcon_core.environment:checking '/home/jasa/work/hakoniwa-digital-twin/real/button/infra_button/install/infra_button' for CMake module files
[0.661s] Level 1:colcon.colcon_core.environment:checking '/home/jasa/work/hakoniwa-digital-twin/real/button/infra_button/install/infra_button' for CMake config files
[0.662s] Level 1:colcon.colcon_core.environment:checking '/home/jasa/work/hakoniwa-digital-twin/real/button/infra_button/install/infra_button/lib'
[0.662s] Level 1:colcon.colcon_core.environment:checking '/home/jasa/work/hakoniwa-digital-twin/real/button/infra_button/install/infra_button/bin'
[0.662s] Level 1:colcon.colcon_core.environment:checking '/home/jasa/work/hakoniwa-digital-twin/real/button/infra_button/install/infra_button/lib/pkgconfig/infra_button.pc'
[0.662s] Level 1:colcon.colcon_core.environment:checking '/home/jasa/work/hakoniwa-digital-twin/real/button/infra_button/install/infra_button/lib/python3.10/site-packages'
[0.662s] Level 1:colcon.colcon_core.shell:create_environment_hook('infra_button', 'pythonpath')
[0.662s] INFO:colcon.colcon_core.shell:Creating environment hook '/home/jasa/work/hakoniwa-digital-twin/real/button/infra_button/install/infra_button/share/infra_button/hook/pythonpath.ps1'
[0.662s] INFO:colcon.colcon_core.shell:Creating environment descriptor '/home/jasa/work/hakoniwa-digital-twin/real/button/infra_button/install/infra_button/share/infra_button/hook/pythonpath.dsv'
[0.663s] INFO:colcon.colcon_core.shell:Creating environment hook '/home/jasa/work/hakoniwa-digital-twin/real/button/infra_button/install/infra_button/share/infra_button/hook/pythonpath.sh'
[0.663s] Level 1:colcon.colcon_core.environment:checking '/home/jasa/work/hakoniwa-digital-twin/real/button/infra_button/install/infra_button/bin'
[0.663s] Level 1:colcon.colcon_core.environment:create_environment_scripts_only(infra_button)
[0.663s] INFO:colcon.colcon_core.shell:Creating package script '/home/jasa/work/hakoniwa-digital-twin/real/button/infra_button/install/infra_button/share/infra_button/package.ps1'
[0.664s] INFO:colcon.colcon_core.shell:Creating package descriptor '/home/jasa/work/hakoniwa-digital-twin/real/button/infra_button/install/infra_button/share/infra_button/package.dsv'
[0.664s] INFO:colcon.colcon_core.shell:Creating package script '/home/jasa/work/hakoniwa-digital-twin/real/button/infra_button/install/infra_button/share/infra_button/package.sh'
[0.664s] INFO:colcon.colcon_core.shell:Creating package script '/home/jasa/work/hakoniwa-digital-twin/real/button/infra_button/install/infra_button/share/infra_button/package.bash'
[0.665s] INFO:colcon.colcon_core.shell:Creating package script '/home/jasa/work/hakoniwa-digital-twin/real/button/infra_button/install/infra_button/share/infra_button/package.zsh'
[0.665s] Level 1:colcon.colcon_core.environment:create_file_with_runtime_dependencies(/home/jasa/work/hakoniwa-digital-twin/real/button/infra_button/install/infra_button/share/colcon-core/packages/infra_button)
[0.666s] DEBUG:colcon.colcon_parallel_executor.executor.parallel:closing loop
[0.666s] DEBUG:colcon.colcon_parallel_executor.executor.parallel:loop closed
[0.666s] DEBUG:colcon.colcon_parallel_executor.executor.parallel:run_until_complete finished with '0'
[0.666s] DEBUG:colcon.colcon_core.event_reactor:joining thread
[0.669s] INFO:colcon.colcon_core.plugin_system:Skipping extension 'colcon_notification.desktop_notification.terminal_notifier': Not used on non-Darwin systems
[0.669s] INFO:colcon.colcon_core.plugin_system:Skipping extension 'colcon_notification.desktop_notification.win32': Not used on non-Windows systems
[0.669s] INFO:colcon.colcon_notification.desktop_notification:Sending desktop notification using 'notify2'
[0.678s] DEBUG:colcon.colcon_core.event_reactor:joined thread
[0.678s] INFO:colcon.colcon_core.shell:Creating prefix script '/home/jasa/work/hakoniwa-digital-twin/real/button/infra_button/install/local_setup.ps1'
[0.679s] INFO:colcon.colcon_core.shell:Creating prefix util module '/home/jasa/work/hakoniwa-digital-twin/real/button/infra_button/install/_local_setup_util_ps1.py'
[0.679s] INFO:colcon.colcon_core.shell:Creating prefix chain script '/home/jasa/work/hakoniwa-digital-twin/real/button/infra_button/install/setup.ps1'
[0.680s] INFO:colcon.colcon_core.shell:Creating prefix script '/home/jasa/work/hakoniwa-digital-twin/real/button/infra_button/install/local_setup.sh'
[0.680s] INFO:colcon.colcon_core.shell:Creating prefix util module '/home/jasa/work/hakoniwa-digital-twin/real/button/infra_button/install/_local_setup_util_sh.py'
[0.681s] INFO:colcon.colcon_core.shell:Creating prefix chain script '/home/jasa/work/hakoniwa-digital-twin/real/button/infra_button/install/setup.sh'
[0.681s] INFO:colcon.colcon_core.shell:Creating prefix script '/home/jasa/work/hakoniwa-digital-twin/real/button/infra_button/install/local_setup.bash'
[0.682s] INFO:colcon.colcon_core.shell:Creating prefix chain script '/home/jasa/work/hakoniwa-digital-twin/real/button/infra_button/install/setup.bash'
[0.682s] INFO:colcon.colcon_core.shell:Creating prefix script '/home/jasa/work/hakoniwa-digital-twin/real/button/infra_button/install/local_setup.zsh'
[0.683s] INFO:colcon.colcon_core.shell:Creating prefix chain script '/home/jasa/work/hakoniwa-digital-twin/real/button/infra_button/install/setup.zsh'
