[0.270s] Invoking command in '/home/jasa/work/hakoniwa-digital-twin/real/camera/workspace/infra_camera': PYTHONPATH=/home/jasa/work/hakoniwa-digital-twin/real/camera/workspace/build/infra_camera/prefix_override:/usr/lib/python3/dist-packages/colcon_core/task/python/colcon_distutils_commands:/home/jasa/work/hakoniwa-digital-twin/real/camera/workspace/install/infra_camera/lib/python3.10/site-packages: /usr/bin/python3 -W ignore:setup.py install is deprecated setup.py egg_info --egg-base ../build/infra_camera build --build-base /home/jasa/work/hakoniwa-digital-twin/real/camera/workspace/build/infra_camera/build install --record /home/jasa/work/hakoniwa-digital-twin/real/camera/workspace/build/infra_camera/install.log --single-version-externally-managed install_data
[0.385s] running egg_info
[0.386s] writing ../build/infra_camera/infra_camera.egg-info/PKG-INFO
[0.386s] writing dependency_links to ../build/infra_camera/infra_camera.egg-info/dependency_links.txt
[0.386s] writing entry points to ../build/infra_camera/infra_camera.egg-info/entry_points.txt
[0.386s] writing requirements to ../build/infra_camera/infra_camera.egg-info/requires.txt
[0.386s] writing top-level names to ../build/infra_camera/infra_camera.egg-info/top_level.txt
[0.387s] reading manifest file '../build/infra_camera/infra_camera.egg-info/SOURCES.txt'
[0.387s] writing manifest file '../build/infra_camera/infra_camera.egg-info/SOURCES.txt'
[0.387s] running build
[0.387s] running build_py
[0.387s] copying infra_camera/camera_publisher.py -> /home/jasa/work/hakoniwa-digital-twin/real/camera/workspace/build/infra_camera/build/lib/infra_camera
[0.387s] running install
[0.387s] running install_lib
[0.388s] copying /home/jasa/work/hakoniwa-digital-twin/real/camera/workspace/build/infra_camera/build/lib/infra_camera/camera_publisher.py -> /home/jasa/work/hakoniwa-digital-twin/real/camera/workspace/install/infra_camera/lib/python3.10/site-packages/infra_camera
[0.388s] byte-compiling /home/jasa/work/hakoniwa-digital-twin/real/camera/workspace/install/infra_camera/lib/python3.10/site-packages/infra_camera/camera_publisher.py to camera_publisher.cpython-310.pyc
[0.389s] running install_data
[0.389s] running install_egg_info
[0.390s] removing '/home/jasa/work/hakoniwa-digital-twin/real/camera/workspace/install/infra_camera/lib/python3.10/site-packages/infra_camera-0.0.0-py3.10.egg-info' (and everything under it)
[0.390s] Copying ../build/infra_camera/infra_camera.egg-info to /home/jasa/work/hakoniwa-digital-twin/real/camera/workspace/install/infra_camera/lib/python3.10/site-packages/infra_camera-0.0.0-py3.10.egg-info
[0.390s] running install_scripts
[0.402s] Installing camera_publisher script to /home/jasa/work/hakoniwa-digital-twin/real/camera/workspace/install/infra_camera/lib/infra_camera
[0.402s] writing list of installed files to '/home/jasa/work/hakoniwa-digital-twin/real/camera/workspace/build/infra_camera/install.log'
[0.415s] Invoked command in '/home/jasa/work/hakoniwa-digital-twin/real/camera/workspace/infra_camera' returned '0': PYTHONPATH=/home/jasa/work/hakoniwa-digital-twin/real/camera/workspace/build/infra_camera/prefix_override:/usr/lib/python3/dist-packages/colcon_core/task/python/colcon_distutils_commands:/home/jasa/work/hakoniwa-digital-twin/real/camera/workspace/install/infra_camera/lib/python3.10/site-packages: /usr/bin/python3 -W ignore:setup.py install is deprecated setup.py egg_info --egg-base ../build/infra_camera build --build-base /home/jasa/work/hakoniwa-digital-twin/real/camera/workspace/build/infra_camera/build install --record /home/jasa/work/hakoniwa-digital-twin/real/camera/workspace/build/infra_camera/install.log --single-version-externally-managed install_data
