[0.087s] DEBUG:colcon:Command line arguments: ['/usr/bin/colcon', 'build', '--packages-select', 'infra_camera']
[0.087s] DEBUG:colcon:Parsed command line arguments: Namespace(log_base=None, log_level=None, verb_name='build', build_base='build', install_base='install', merge_install=False, symlink_install=False, test_result_base=None, continue_on_error=False, executor='parallel', parallel_workers=8, event_handlers=None, ignore_user_meta=False, metas=['./colcon.meta'], base_paths=['.'], packages_ignore=None, packages_ignore_regex=None, paths=None, packages_up_to=None, packages_up_to_regex=None, packages_above=None, packages_above_and_dependencies=None, packages_above_depth=None, packages_select_by_dep=None, packages_skip_by_dep=None, packages_skip_up_to=None, packages_select_build_failed=False, packages_skip_build_finished=False, packages_select_test_failures=False, packages_skip_test_passed=False, packages_select=['infra_camera'], packages_skip=None, packages_select_regex=None, packages_skip_regex=None, packages_start=None, packages_end=None, allow_overriding=[], cmake_args=None, cmake_target=None, cmake_target_skip_unavailable=False, cmake_clean_cache=False, cmake_clean_first=False, cmake_force_configure=False, ament_cmake_args=None, catkin_cmake_args=None, catkin_skip_building_tests=False, mixin_files=None, mixin=None, verb_parser=<colcon_mixin.mixin.mixin_argument.MixinArgumentDecorator object at 0x75516f3860c0>, verb_extension=<colcon_core.verb.build.BuildVerb object at 0x75516f4a4a40>, main=<bound method BuildVerb.main of <colcon_core.verb.build.BuildVerb object at 0x75516f4a4a40>>, mixin_verb=('build',))
[0.116s] Level 1:colcon.colcon_core.package_discovery:discover_packages(colcon_meta) check parameters
[0.116s] Level 1:colcon.colcon_core.package_discovery:discover_packages(recursive) check parameters
[0.116s] Level 1:colcon.colcon_core.package_discovery:discover_packages(ignore) check parameters
[0.116s] Level 1:colcon.colcon_core.package_discovery:discover_packages(path) check parameters
[0.116s] Level 1:colcon.colcon_core.package_discovery:discover_packages(colcon_meta) discover
[0.116s] Level 1:colcon.colcon_core.package_discovery:discover_packages(recursive) discover
[0.116s] INFO:colcon.colcon_core.package_discovery:Crawling recursively for packages in '/home/yamada-koki/jasa_work/hakoniwa-digital-twin/real/camera/workspace'
[0.116s] Level 1:colcon.colcon_core.package_identification:_identify(.) by extensions ['ignore', 'ignore_ament_install']
[0.117s] Level 1:colcon.colcon_core.package_identification:_identify(.) by extension 'ignore'
[0.117s] Level 1:colcon.colcon_core.package_identification:_identify(.) by extension 'ignore_ament_install'
[0.117s] Level 1:colcon.colcon_core.package_identification:_identify(.) by extensions ['colcon_pkg']
[0.117s] Level 1:colcon.colcon_core.package_identification:_identify(.) by extension 'colcon_pkg'
[0.117s] Level 1:colcon.colcon_core.package_identification:_identify(.) by extensions ['colcon_meta']
[0.117s] Level 1:colcon.colcon_core.package_identification:_identify(.) by extension 'colcon_meta'
[0.117s] Level 1:colcon.colcon_core.package_identification:_identify(.) by extensions ['ros']
[0.117s] Level 1:colcon.colcon_core.package_identification:_identify(.) by extension 'ros'
[0.137s] Level 1:colcon.colcon_core.package_identification:_identify(.) by extensions ['cmake', 'python']
[0.137s] Level 1:colcon.colcon_core.package_identification:_identify(.) by extension 'cmake'
[0.137s] Level 1:colcon.colcon_core.package_identification:_identify(.) by extension 'python'
[0.137s] Level 1:colcon.colcon_core.package_identification:_identify(.) by extensions ['python_setup_py']
[0.137s] Level 1:colcon.colcon_core.package_identification:_identify(.) by extension 'python_setup_py'
[0.137s] Level 1:colcon.colcon_core.package_identification:_identify(build) by extensions ['ignore', 'ignore_ament_install']
[0.137s] Level 1:colcon.colcon_core.package_identification:_identify(build) by extension 'ignore'
[0.137s] Level 1:colcon.colcon_core.package_identification:_identify(build) ignored
[0.137s] Level 1:colcon.colcon_core.package_identification:_identify(infra_camera) by extensions ['ignore', 'ignore_ament_install']
[0.137s] Level 1:colcon.colcon_core.package_identification:_identify(infra_camera) by extension 'ignore'
[0.137s] Level 1:colcon.colcon_core.package_identification:_identify(infra_camera) by extension 'ignore_ament_install'
[0.137s] Level 1:colcon.colcon_core.package_identification:_identify(infra_camera) by extensions ['colcon_pkg']
[0.137s] Level 1:colcon.colcon_core.package_identification:_identify(infra_camera) by extension 'colcon_pkg'
[0.138s] Level 1:colcon.colcon_core.package_identification:_identify(infra_camera) by extensions ['colcon_meta']
[0.138s] Level 1:colcon.colcon_core.package_identification:_identify(infra_camera) by extension 'colcon_meta'
[0.138s] Level 1:colcon.colcon_core.package_identification:_identify(infra_camera) by extensions ['ros']
[0.138s] Level 1:colcon.colcon_core.package_identification:_identify(infra_camera) by extension 'ros'
[0.139s] DEBUG:colcon.colcon_core.package_identification:Package 'infra_camera' with type 'ros.ament_python' and name 'infra_camera'
[0.139s] Level 1:colcon.colcon_core.package_identification:_identify(install) by extensions ['ignore', 'ignore_ament_install']
[0.140s] Level 1:colcon.colcon_core.package_identification:_identify(install) by extension 'ignore'
[0.140s] Level 1:colcon.colcon_core.package_identification:_identify(install) ignored
[0.140s] Level 1:colcon.colcon_core.package_identification:_identify(log) by extensions ['ignore', 'ignore_ament_install']
[0.140s] Level 1:colcon.colcon_core.package_identification:_identify(log) by extension 'ignore'
[0.140s] Level 1:colcon.colcon_core.package_identification:_identify(log) ignored
[0.140s] Level 1:colcon.colcon_core.package_discovery:discover_packages(recursive) using defaults
[0.140s] Level 1:colcon.colcon_core.package_discovery:discover_packages(ignore) discover
[0.140s] Level 1:colcon.colcon_core.package_discovery:discover_packages(ignore) using defaults
[0.140s] Level 1:colcon.colcon_core.package_discovery:discover_packages(path) discover
[0.140s] Level 1:colcon.colcon_core.package_discovery:discover_packages(path) using defaults
[0.153s] Level 1:colcon.colcon_core.package_discovery:discover_packages(prefix_path) check parameters
[0.153s] Level 1:colcon.colcon_core.package_discovery:discover_packages(prefix_path) discover
[0.155s] DEBUG:colcon.colcon_installed_package_information.package_discovery:Found 1 installed packages in /home/yamada-koki/jasa_work/hakoniwa-digital-twin/real/camera/workspace/install
[0.156s] DEBUG:colcon.colcon_installed_package_information.package_discovery:Found 288 installed packages in /opt/ros/rolling
[0.156s] Level 1:colcon.colcon_core.package_discovery:discover_packages(prefix_path) using defaults
[0.193s] Level 5:colcon.colcon_core.verb:set package 'infra_camera' build argument 'cmake_args' from command line to 'None'
[0.193s] Level 5:colcon.colcon_core.verb:set package 'infra_camera' build argument 'cmake_target' from command line to 'None'
[0.193s] Level 5:colcon.colcon_core.verb:set package 'infra_camera' build argument 'cmake_target_skip_unavailable' from command line to 'False'
[0.193s] Level 5:colcon.colcon_core.verb:set package 'infra_camera' build argument 'cmake_clean_cache' from command line to 'False'
[0.193s] Level 5:colcon.colcon_core.verb:set package 'infra_camera' build argument 'cmake_clean_first' from command line to 'False'
[0.193s] Level 5:colcon.colcon_core.verb:set package 'infra_camera' build argument 'cmake_force_configure' from command line to 'False'
[0.194s] Level 5:colcon.colcon_core.verb:set package 'infra_camera' build argument 'ament_cmake_args' from command line to 'None'
[0.194s] Level 5:colcon.colcon_core.verb:set package 'infra_camera' build argument 'catkin_cmake_args' from command line to 'None'
[0.194s] Level 5:colcon.colcon_core.verb:set package 'infra_camera' build argument 'catkin_skip_building_tests' from command line to 'False'
[0.194s] DEBUG:colcon.colcon_core.verb:Building package 'infra_camera' with the following arguments: {'ament_cmake_args': None, 'build_base': '/home/yamada-koki/jasa_work/hakoniwa-digital-twin/real/camera/workspace/build/infra_camera', 'catkin_cmake_args': None, 'catkin_skip_building_tests': False, 'cmake_args': None, 'cmake_clean_cache': False, 'cmake_clean_first': False, 'cmake_force_configure': False, 'cmake_target': None, 'cmake_target_skip_unavailable': False, 'install_base': '/home/yamada-koki/jasa_work/hakoniwa-digital-twin/real/camera/workspace/install/infra_camera', 'merge_install': False, 'path': '/home/yamada-koki/jasa_work/hakoniwa-digital-twin/real/camera/workspace/infra_camera', 'symlink_install': False, 'test_result_base': None}
[0.194s] INFO:colcon.colcon_core.executor:Executing jobs using 'parallel' executor
[0.194s] DEBUG:colcon.colcon_parallel_executor.executor.parallel:run_until_complete
[0.195s] INFO:colcon.colcon_ros.task.ament_python.build:Building ROS package in '/home/yamada-koki/jasa_work/hakoniwa-digital-twin/real/camera/workspace/infra_camera' with build type 'ament_python'
[0.195s] Level 1:colcon.colcon_core.shell:create_environment_hook('infra_camera', 'ament_prefix_path')
[0.196s] INFO:colcon.colcon_core.plugin_system:Skipping extension 'colcon_core.shell.bat': Not used on non-Windows systems
[0.196s] INFO:colcon.colcon_core.shell:Creating environment hook '/home/yamada-koki/jasa_work/hakoniwa-digital-twin/real/camera/workspace/install/infra_camera/share/infra_camera/hook/ament_prefix_path.ps1'
[0.197s] INFO:colcon.colcon_core.shell:Creating environment descriptor '/home/yamada-koki/jasa_work/hakoniwa-digital-twin/real/camera/workspace/install/infra_camera/share/infra_camera/hook/ament_prefix_path.dsv'
[0.197s] INFO:colcon.colcon_core.shell:Creating environment hook '/home/yamada-koki/jasa_work/hakoniwa-digital-twin/real/camera/workspace/install/infra_camera/share/infra_camera/hook/ament_prefix_path.sh'
[0.198s] INFO:colcon.colcon_core.shell:Skip shell extension 'powershell' for command environment: Not usable outside of PowerShell
[0.198s] DEBUG:colcon.colcon_core.shell:Skip shell extension 'dsv' for command environment
[0.375s] INFO:colcon.colcon_core.task.python.build:Building Python package in '/home/yamada-koki/jasa_work/hakoniwa-digital-twin/real/camera/workspace/infra_camera'
[0.375s] INFO:colcon.colcon_core.shell:Skip shell extension 'powershell' for command environment: Not usable outside of PowerShell
[0.375s] DEBUG:colcon.colcon_core.shell:Skip shell extension 'dsv' for command environment
[0.873s] DEBUG:colcon.colcon_core.event_handler.log_command:Invoking command in '/home/yamada-koki/jasa_work/hakoniwa-digital-twin/real/camera/workspace/infra_camera': DEBUGINFOD_URLS=https://debuginfod.ubuntu.com PS1=(hakoniwa_camera) \[\e]0;\u@\h: \w\a\]${debian_chroot:+($debian_chroot)}\[\033[01;32m\]\u@\h\[\033[00m\]:\[\033[01;34m\]\w\[\033[00m\]\$ PYTHONPATH=/home/yamada-koki/jasa_work/hakoniwa-digital-twin/real/camera/workspace/build/infra_camera/prefix_override:/usr/lib/python3/dist-packages/colcon_core/task/python/colcon_distutils_commands:/home/yamada-koki/jasa_work/hakoniwa-digital-twin/real/camera/workspace/install/infra_camera/lib/python3.12/site-packages:${PYTHONPATH} VIRTUAL_ENV_PROMPT=(hakoniwa_camera) /usr/bin/python3 -W ignore:setup.py install is deprecated setup.py egg_info --egg-base ../build/infra_camera build --build-base /home/yamada-koki/jasa_work/hakoniwa-digital-twin/real/camera/workspace/build/infra_camera/build install --record /home/yamada-koki/jasa_work/hakoniwa-digital-twin/real/camera/workspace/build/infra_camera/install.log --single-version-externally-managed install_data
[1.333s] DEBUG:colcon.colcon_core.event_handler.log_command:Invoked command in '/home/yamada-koki/jasa_work/hakoniwa-digital-twin/real/camera/workspace/infra_camera' returned '0': DEBUGINFOD_URLS=https://debuginfod.ubuntu.com PS1=(hakoniwa_camera) \[\e]0;\u@\h: \w\a\]${debian_chroot:+($debian_chroot)}\[\033[01;32m\]\u@\h\[\033[00m\]:\[\033[01;34m\]\w\[\033[00m\]\$ PYTHONPATH=/home/yamada-koki/jasa_work/hakoniwa-digital-twin/real/camera/workspace/build/infra_camera/prefix_override:/usr/lib/python3/dist-packages/colcon_core/task/python/colcon_distutils_commands:/home/yamada-koki/jasa_work/hakoniwa-digital-twin/real/camera/workspace/install/infra_camera/lib/python3.12/site-packages:${PYTHONPATH} VIRTUAL_ENV_PROMPT=(hakoniwa_camera) /usr/bin/python3 -W ignore:setup.py install is deprecated setup.py egg_info --egg-base ../build/infra_camera build --build-base /home/yamada-koki/jasa_work/hakoniwa-digital-twin/real/camera/workspace/build/infra_camera/build install --record /home/yamada-koki/jasa_work/hakoniwa-digital-twin/real/camera/workspace/build/infra_camera/install.log --single-version-externally-managed install_data
[1.334s] Level 1:colcon.colcon_core.environment:checking '/home/yamada-koki/jasa_work/hakoniwa-digital-twin/real/camera/workspace/install/infra_camera' for CMake module files
[1.335s] Level 1:colcon.colcon_core.environment:checking '/home/yamada-koki/jasa_work/hakoniwa-digital-twin/real/camera/workspace/install/infra_camera' for CMake config files
[1.335s] Level 1:colcon.colcon_core.environment:checking '/home/yamada-koki/jasa_work/hakoniwa-digital-twin/real/camera/workspace/install/infra_camera/lib'
[1.335s] Level 1:colcon.colcon_core.environment:checking '/home/yamada-koki/jasa_work/hakoniwa-digital-twin/real/camera/workspace/install/infra_camera/bin'
[1.335s] Level 1:colcon.colcon_core.environment:checking '/home/yamada-koki/jasa_work/hakoniwa-digital-twin/real/camera/workspace/install/infra_camera/lib/pkgconfig/infra_camera.pc'
[1.336s] Level 1:colcon.colcon_core.environment:checking '/home/yamada-koki/jasa_work/hakoniwa-digital-twin/real/camera/workspace/install/infra_camera/lib/python3.12/site-packages'
[1.336s] Level 1:colcon.colcon_core.shell:create_environment_hook('infra_camera', 'pythonpath')
[1.336s] INFO:colcon.colcon_core.shell:Creating environment hook '/home/yamada-koki/jasa_work/hakoniwa-digital-twin/real/camera/workspace/install/infra_camera/share/infra_camera/hook/pythonpath.ps1'
[1.336s] INFO:colcon.colcon_core.shell:Creating environment descriptor '/home/yamada-koki/jasa_work/hakoniwa-digital-twin/real/camera/workspace/install/infra_camera/share/infra_camera/hook/pythonpath.dsv'
[1.336s] INFO:colcon.colcon_core.shell:Creating environment hook '/home/yamada-koki/jasa_work/hakoniwa-digital-twin/real/camera/workspace/install/infra_camera/share/infra_camera/hook/pythonpath.sh'
[1.337s] Level 1:colcon.colcon_core.environment:checking '/home/yamada-koki/jasa_work/hakoniwa-digital-twin/real/camera/workspace/install/infra_camera/bin'
[1.337s] Level 1:colcon.colcon_core.environment:create_environment_scripts_only(infra_camera)
[1.337s] INFO:colcon.colcon_core.shell:Creating package script '/home/yamada-koki/jasa_work/hakoniwa-digital-twin/real/camera/workspace/install/infra_camera/share/infra_camera/package.ps1'
[1.338s] INFO:colcon.colcon_core.shell:Creating package descriptor '/home/yamada-koki/jasa_work/hakoniwa-digital-twin/real/camera/workspace/install/infra_camera/share/infra_camera/package.dsv'
[1.338s] INFO:colcon.colcon_core.shell:Creating package script '/home/yamada-koki/jasa_work/hakoniwa-digital-twin/real/camera/workspace/install/infra_camera/share/infra_camera/package.sh'
[1.338s] INFO:colcon.colcon_core.shell:Creating package script '/home/yamada-koki/jasa_work/hakoniwa-digital-twin/real/camera/workspace/install/infra_camera/share/infra_camera/package.bash'
[1.339s] INFO:colcon.colcon_core.shell:Creating package script '/home/yamada-koki/jasa_work/hakoniwa-digital-twin/real/camera/workspace/install/infra_camera/share/infra_camera/package.zsh'
[1.339s] Level 1:colcon.colcon_core.environment:create_file_with_runtime_dependencies(/home/yamada-koki/jasa_work/hakoniwa-digital-twin/real/camera/workspace/install/infra_camera/share/colcon-core/packages/infra_camera)
[1.340s] DEBUG:colcon.colcon_parallel_executor.executor.parallel:closing loop
[1.340s] DEBUG:colcon.colcon_parallel_executor.executor.parallel:loop closed
[1.340s] DEBUG:colcon.colcon_parallel_executor.executor.parallel:run_until_complete finished with '0'
[1.340s] DEBUG:colcon.colcon_core.event_reactor:joining thread
[1.344s] INFO:colcon.colcon_core.plugin_system:Skipping extension 'colcon_notification.desktop_notification.terminal_notifier': Not used on non-Darwin systems
[1.344s] INFO:colcon.colcon_core.plugin_system:Skipping extension 'colcon_notification.desktop_notification.win32': Not used on non-Windows systems
[1.344s] INFO:colcon.colcon_notification.desktop_notification:Sending desktop notification using 'notify2'
[1.354s] DEBUG:colcon.colcon_core.event_reactor:joined thread
[1.354s] INFO:colcon.colcon_core.shell:Creating prefix script '/home/yamada-koki/jasa_work/hakoniwa-digital-twin/real/camera/workspace/install/local_setup.ps1'
[1.355s] INFO:colcon.colcon_core.shell:Creating prefix util module '/home/yamada-koki/jasa_work/hakoniwa-digital-twin/real/camera/workspace/install/_local_setup_util_ps1.py'
[1.356s] INFO:colcon.colcon_core.shell:Creating prefix chain script '/home/yamada-koki/jasa_work/hakoniwa-digital-twin/real/camera/workspace/install/setup.ps1'
[1.356s] INFO:colcon.colcon_core.shell:Creating prefix script '/home/yamada-koki/jasa_work/hakoniwa-digital-twin/real/camera/workspace/install/local_setup.sh'
[1.357s] INFO:colcon.colcon_core.shell:Creating prefix util module '/home/yamada-koki/jasa_work/hakoniwa-digital-twin/real/camera/workspace/install/_local_setup_util_sh.py'
[1.357s] INFO:colcon.colcon_core.shell:Creating prefix chain script '/home/yamada-koki/jasa_work/hakoniwa-digital-twin/real/camera/workspace/install/setup.sh'
[1.358s] INFO:colcon.colcon_core.shell:Creating prefix script '/home/yamada-koki/jasa_work/hakoniwa-digital-twin/real/camera/workspace/install/local_setup.bash'
[1.358s] INFO:colcon.colcon_core.shell:Creating prefix chain script '/home/yamada-koki/jasa_work/hakoniwa-digital-twin/real/camera/workspace/install/setup.bash'
[1.359s] INFO:colcon.colcon_core.shell:Creating prefix script '/home/yamada-koki/jasa_work/hakoniwa-digital-twin/real/camera/workspace/install/local_setup.zsh'
[1.359s] INFO:colcon.colcon_core.shell:Creating prefix chain script '/home/yamada-koki/jasa_work/hakoniwa-digital-twin/real/camera/workspace/install/setup.zsh'
