running egg_info
writing ../build/infra_camera/infra_camera.egg-info/PKG-INFO
writing dependency_links to ../build/infra_camera/infra_camera.egg-info/dependency_links.txt
writing entry points to ../build/infra_camera/infra_camera.egg-info/entry_points.txt
writing requirements to ../build/infra_camera/infra_camera.egg-info/requires.txt
writing top-level names to ../build/infra_camera/infra_camera.egg-info/top_level.txt
reading manifest file '../build/infra_camera/infra_camera.egg-info/SOURCES.txt'
writing manifest file '../build/infra_camera/infra_camera.egg-info/SOURCES.txt'
running build
running build_py
copying infra_camera/camera_publisher.py -> /home/yamada-koki/jasa_work/hakoniwa-digital-twin/real/camera/workspace/build/infra_camera/build/lib/infra_camera
running install
running install_lib
copying /home/yamada-koki/jasa_work/hakoniwa-digital-twin/real/camera/workspace/build/infra_camera/build/lib/infra_camera/camera_publisher.py -> /home/yamada-koki/jasa_work/hakoniwa-digital-twin/real/camera/workspace/install/infra_camera/lib/python3.12/site-packages/infra_camera
byte-compiling /home/yamada-koki/jasa_work/hakoniwa-digital-twin/real/camera/workspace/install/infra_camera/lib/python3.12/site-packages/infra_camera/camera_publisher.py to camera_publisher.cpython-312.pyc
running install_data
running install_egg_info
removing '/home/yamada-koki/jasa_work/hakoniwa-digital-twin/real/camera/workspace/install/infra_camera/lib/python3.12/site-packages/infra_camera-0.0.0-py3.12.egg-info' (and everything under it)
Copying ../build/infra_camera/infra_camera.egg-info to /home/yamada-koki/jasa_work/hakoniwa-digital-twin/real/camera/workspace/install/infra_camera/lib/python3.12/site-packages/infra_camera-0.0.0-py3.12.egg-info
running install_scripts
Installing camera_publisher script to /home/yamada-koki/jasa_work/hakoniwa-digital-twin/real/camera/workspace/install/infra_camera/lib/infra_camera
writing list of installed files to '/home/yamada-koki/jasa_work/hakoniwa-digital-twin/real/camera/workspace/build/infra_camera/install.log'
