[1.128s] Invoking command in '/home/yamada-koki/jasa_work/hakoniwa-digital-twin/real/camera/workspace/infra_camera': DEBUGINFOD_URLS=https://debuginfod.ubuntu.com PS1=(hakoniwa_camera) \[\e]0;\u@\h: \w\a\]${debian_chroot:+($debian_chroot)}\[\033[01;32m\]\u@\h\[\033[00m\]:\[\033[01;34m\]\w\[\033[00m\]\$ PYTHONPATH=/home/yamada-koki/jasa_work/hakoniwa-digital-twin/real/camera/workspace/build/infra_camera/prefix_override:/usr/lib/python3/dist-packages/colcon_core/task/python/colcon_distutils_commands:/home/yamada-koki/jasa_work/hakoniwa-digital-twin/real/camera/workspace/install/infra_camera/lib/python3.12/site-packages:${PYTHONPATH} VIRTUAL_ENV_PROMPT=(hakoniwa_camera) /usr/bin/python3 -W ignore:setup.py install is deprecated setup.py egg_info --egg-base ../build/infra_camera build --build-base /home/yamada-koki/jasa_work/hakoniwa-digital-twin/real/camera/workspace/build/infra_camera/build install --record /home/yamada-koki/jasa_work/hakoniwa-digital-twin/real/camera/workspace/build/infra_camera/install.log --single-version-externally-managed install_data
[1.353s] running egg_info
[1.369s] writing ../build/infra_camera/infra_camera.egg-info/PKG-INFO
[1.369s] writing dependency_links to ../build/infra_camera/infra_camera.egg-info/dependency_links.txt
[1.370s] writing entry points to ../build/infra_camera/infra_camera.egg-info/entry_points.txt
[1.370s] writing requirements to ../build/infra_camera/infra_camera.egg-info/requires.txt
[1.370s] writing top-level names to ../build/infra_camera/infra_camera.egg-info/top_level.txt
[1.405s] reading manifest file '../build/infra_camera/infra_camera.egg-info/SOURCES.txt'
[1.406s] writing manifest file '../build/infra_camera/infra_camera.egg-info/SOURCES.txt'
[1.406s] running build
[1.407s] running build_py
[1.407s] copying infra_camera/camera_publisher.py -> /home/yamada-koki/jasa_work/hakoniwa-digital-twin/real/camera/workspace/build/infra_camera/build/lib/infra_camera
[1.407s] running install
[1.412s] running install_lib
[1.430s] copying /home/yamada-koki/jasa_work/hakoniwa-digital-twin/real/camera/workspace/build/infra_camera/build/lib/infra_camera/camera_publisher.py -> /home/yamada-koki/jasa_work/hakoniwa-digital-twin/real/camera/workspace/install/infra_camera/lib/python3.12/site-packages/infra_camera
[1.431s] byte-compiling /home/yamada-koki/jasa_work/hakoniwa-digital-twin/real/camera/workspace/install/infra_camera/lib/python3.12/site-packages/infra_camera/camera_publisher.py to camera_publisher.cpython-312.pyc
[1.431s] running install_data
[1.432s] running install_egg_info
[1.450s] removing '/home/yamada-koki/jasa_work/hakoniwa-digital-twin/real/camera/workspace/install/infra_camera/lib/python3.12/site-packages/infra_camera-0.0.0-py3.12.egg-info' (and everything under it)
[1.450s] Copying ../build/infra_camera/infra_camera.egg-info to /home/yamada-koki/jasa_work/hakoniwa-digital-twin/real/camera/workspace/install/infra_camera/lib/python3.12/site-packages/infra_camera-0.0.0-py3.12.egg-info
[1.451s] running install_scripts
[1.562s] Installing camera_publisher script to /home/yamada-koki/jasa_work/hakoniwa-digital-twin/real/camera/workspace/install/infra_camera/lib/infra_camera
[1.563s] writing list of installed files to '/home/yamada-koki/jasa_work/hakoniwa-digital-twin/real/camera/workspace/build/infra_camera/install.log'
[1.582s] Invoked command in '/home/yamada-koki/jasa_work/hakoniwa-digital-twin/real/camera/workspace/infra_camera' returned '0': DEBUGINFOD_URLS=https://debuginfod.ubuntu.com PS1=(hakoniwa_camera) \[\e]0;\u@\h: \w\a\]${debian_chroot:+($debian_chroot)}\[\033[01;32m\]\u@\h\[\033[00m\]:\[\033[01;34m\]\w\[\033[00m\]\$ PYTHONPATH=/home/yamada-koki/jasa_work/hakoniwa-digital-twin/real/camera/workspace/build/infra_camera/prefix_override:/usr/lib/python3/dist-packages/colcon_core/task/python/colcon_distutils_commands:/home/yamada-koki/jasa_work/hakoniwa-digital-twin/real/camera/workspace/install/infra_camera/lib/python3.12/site-packages:${PYTHONPATH} VIRTUAL_ENV_PROMPT=(hakoniwa_camera) /usr/bin/python3 -W ignore:setup.py install is deprecated setup.py egg_info --egg-base ../build/infra_camera build --build-base /home/yamada-koki/jasa_work/hakoniwa-digital-twin/real/camera/workspace/build/infra_camera/build install --record /home/yamada-koki/jasa_work/hakoniwa-digital-twin/real/camera/workspace/build/infra_camera/install.log --single-version-externally-managed install_data
