running egg_info
creating build/infra_button/infra_button.egg-info
writing build/infra_button/infra_button.egg-info/PKG-INFO
writing dependency_links to build/infra_button/infra_button.egg-info/dependency_links.txt
writing entry points to build/infra_button/infra_button.egg-info/entry_points.txt
writing requirements to build/infra_button/infra_button.egg-info/requires.txt
writing top-level names to build/infra_button/infra_button.egg-info/top_level.txt
writing manifest file 'build/infra_button/infra_button.egg-info/SOURCES.txt'
reading manifest file 'build/infra_button/infra_button.egg-info/SOURCES.txt'
writing manifest file 'build/infra_button/infra_button.egg-info/SOURCES.txt'
running build
running build_py
creating /home/jasa/work/hakoniwa-digital-twin/real/button/infra_button/build/infra_button/build
creating /home/jasa/work/hakoniwa-digital-twin/real/button/infra_button/build/infra_button/build/lib
creating /home/jasa/work/hakoniwa-digital-twin/real/button/infra_button/build/infra_button/build/lib/infra_button
copying infra_button/button_publisher.py -> /home/jasa/work/hakoniwa-digital-twin/real/button/infra_button/build/infra_button/build/lib/infra_button
copying infra_button/__init__.py -> /home/jasa/work/hakoniwa-digital-twin/real/button/infra_button/build/infra_button/build/lib/infra_button
running install
running install_lib
creating /home/jasa/work/hakoniwa-digital-twin/real/button/infra_button/install/infra_button/lib/python3.10/site-packages/infra_button
copying /home/jasa/work/hakoniwa-digital-twin/real/button/infra_button/build/infra_button/build/lib/infra_button/button_publisher.py -> /home/jasa/work/hakoniwa-digital-twin/real/button/infra_button/install/infra_button/lib/python3.10/site-packages/infra_button
copying /home/jasa/work/hakoniwa-digital-twin/real/button/infra_button/build/infra_button/build/lib/infra_button/__init__.py -> /home/jasa/work/hakoniwa-digital-twin/real/button/infra_button/install/infra_button/lib/python3.10/site-packages/infra_button
byte-compiling /home/jasa/work/hakoniwa-digital-twin/real/button/infra_button/install/infra_button/lib/python3.10/site-packages/infra_button/button_publisher.py to button_publisher.cpython-310.pyc
byte-compiling /home/jasa/work/hakoniwa-digital-twin/real/button/infra_button/install/infra_button/lib/python3.10/site-packages/infra_button/__init__.py to __init__.cpython-310.pyc
running install_data
creating /home/jasa/work/hakoniwa-digital-twin/real/button/infra_button/install/infra_button/share/ament_index
creating /home/jasa/work/hakoniwa-digital-twin/real/button/infra_button/install/infra_button/share/ament_index/resource_index
creating /home/jasa/work/hakoniwa-digital-twin/real/button/infra_button/install/infra_button/share/ament_index/resource_index/packages
copying resource/infra_button -> /home/jasa/work/hakoniwa-digital-twin/real/button/infra_button/install/infra_button/share/ament_index/resource_index/packages
copying package.xml -> /home/jasa/work/hakoniwa-digital-twin/real/button/infra_button/install/infra_button/share/infra_button
running install_egg_info
Copying build/infra_button/infra_button.egg-info to /home/jasa/work/hakoniwa-digital-twin/real/button/infra_button/install/infra_button/lib/python3.10/site-packages/infra_button-0.0.0-py3.10.egg-info
running install_scripts
writing list of installed files to '/home/jasa/work/hakoniwa-digital-twin/real/button/infra_button/build/infra_button/install.log'
