[0.723s] Invoking command in '/home/jasa/work/hakoniwa-digital-twin/real/camera/workspace/infra_camera': PYTHONPATH=/home/jasa/work/hakoniwa-digital-twin/real/camera/workspace/build/infra_camera/prefix_override:/usr/lib/python3/dist-packages/colcon_core/task/python/colcon_distutils_commands:/home/jasa/work/hakoniwa-digital-twin/real/camera/workspace/install/infra_camera/lib/python3.10/site-packages:${PYTHONPATH} /usr/bin/python3 -W ignore:setup.py install is deprecated setup.py egg_info --egg-base ../build/infra_camera build --build-base /home/jasa/work/hakoniwa-digital-twin/real/camera/workspace/build/infra_camera/build install --record /home/jasa/work/hakoniwa-digital-twin/real/camera/workspace/build/infra_camera/install.log --single-version-externally-managed install_data
[1.014s] running egg_info
[1.015s] writing ../build/infra_camera/infra_camera.egg-info/PKG-INFO
[1.015s] writing dependency_links to ../build/infra_camera/infra_camera.egg-info/dependency_links.txt
[1.016s] writing entry points to ../build/infra_camera/infra_camera.egg-info/entry_points.txt
[1.016s] writing requirements to ../build/infra_camera/infra_camera.egg-info/requires.txt
[1.016s] writing top-level names to ../build/infra_camera/infra_camera.egg-info/top_level.txt
[1.018s] reading manifest file '../build/infra_camera/infra_camera.egg-info/SOURCES.txt'
[1.019s] writing manifest file '../build/infra_camera/infra_camera.egg-info/SOURCES.txt'
[1.019s] running build
[1.019s] running build_py
[1.019s] copying infra_camera/camera_publisher.py -> /home/jasa/work/hakoniwa-digital-twin/real/camera/workspace/build/infra_camera/build/lib/infra_camera
[1.019s] running install
[1.020s] running install_lib
[1.021s] copying /home/jasa/work/hakoniwa-digital-twin/real/camera/workspace/build/infra_camera/build/lib/infra_camera/camera_publisher.py -> /home/jasa/work/hakoniwa-digital-twin/real/camera/workspace/install/infra_camera/lib/python3.10/site-packages/infra_camera
[1.021s] byte-compiling /home/jasa/work/hakoniwa-digital-twin/real/camera/workspace/install/infra_camera/lib/python3.10/site-packages/infra_camera/camera_publisher.py to camera_publisher.cpython-310.pyc
[1.022s] running install_data
[1.023s] running install_egg_info
[1.025s] removing '/home/jasa/work/hakoniwa-digital-twin/real/camera/workspace/install/infra_camera/lib/python3.10/site-packages/infra_camera-0.0.0-py3.10.egg-info' (and everything under it)
[1.025s] Copying ../build/infra_camera/infra_camera.egg-info to /home/jasa/work/hakoniwa-digital-twin/real/camera/workspace/install/infra_camera/lib/python3.10/site-packages/infra_camera-0.0.0-py3.10.egg-info
[1.026s] running install_scripts
[1.052s] Installing camera_publisher script to /home/jasa/work/hakoniwa-digital-twin/real/camera/workspace/install/infra_camera/lib/infra_camera
[1.052s] writing list of installed files to '/home/jasa/work/hakoniwa-digital-twin/real/camera/workspace/build/infra_camera/install.log'
[1.078s] Invoked command in '/home/jasa/work/hakoniwa-digital-twin/real/camera/workspace/infra_camera' returned '0': PYTHONPATH=/home/jasa/work/hakoniwa-digital-twin/real/camera/workspace/build/infra_camera/prefix_override:/usr/lib/python3/dist-packages/colcon_core/task/python/colcon_distutils_commands:/home/jasa/work/hakoniwa-digital-twin/real/camera/workspace/install/infra_camera/lib/python3.10/site-packages:${PYTHONPATH} /usr/bin/python3 -W ignore:setup.py install is deprecated setup.py egg_info --egg-base ../build/infra_camera build --build-base /home/jasa/work/hakoniwa-digital-twin/real/camera/workspace/build/infra_camera/build install --record /home/jasa/work/hakoniwa-digital-twin/real/camera/workspace/build/infra_camera/install.log --single-version-externally-managed install_data
