[0.840s] Invoking command in '/home/yamada-koki/jasa_work/hakoniwa-digital-twin/real/camera/workspace/infra_camera': DEBUGINFOD_URLS=https://debuginfod.ubuntu.com PS1=(hakoniwa_camera) \[\e]0;\u@\h: \w\a\]${debian_chroot:+($debian_chroot)}\[\033[01;32m\]\u@\h\[\033[00m\]:\[\033[01;34m\]\w\[\033[00m\]\$ PYTHONPATH=/home/yamada-koki/jasa_work/hakoniwa-digital-twin/real/camera/workspace/build/infra_camera/prefix_override:/usr/lib/python3/dist-packages/colcon_core/task/python/colcon_distutils_commands:/home/yamada-koki/jasa_work/hakoniwa-digital-twin/real/camera/workspace/install/infra_camera/lib/python3.12/site-packages:${PYTHONPATH} VIRTUAL_ENV_PROMPT=(hakoniwa_camera) /usr/bin/python3 -W ignore:setup.py install is deprecated setup.py egg_info --egg-base ../build/infra_camera build --build-base /home/yamada-koki/jasa_work/hakoniwa-digital-twin/real/camera/workspace/build/infra_camera/build install --record /home/yamada-koki/jasa_work/hakoniwa-digital-twin/real/camera/workspace/build/infra_camera/install.log --single-version-externally-managed install_data
[1.069s] running egg_info
[1.069s] creating ../build/infra_camera/infra_camera.egg-info
[1.087s] writing ../build/infra_camera/infra_camera.egg-info/PKG-INFO
[1.087s] writing dependency_links to ../build/infra_camera/infra_camera.egg-info/dependency_links.txt
[1.088s] writing requirements to ../build/infra_camera/infra_camera.egg-info/requires.txt
[1.088s] writing top-level names to ../build/infra_camera/infra_camera.egg-info/top_level.txt
[1.088s] writing manifest file '../build/infra_camera/infra_camera.egg-info/SOURCES.txt'
[1.125s] reading manifest file '../build/infra_camera/infra_camera.egg-info/SOURCES.txt'
[1.125s] writing manifest file '../build/infra_camera/infra_camera.egg-info/SOURCES.txt'
[1.126s] running build
[1.126s] running build_py
[1.126s] creating /home/yamada-koki/jasa_work/hakoniwa-digital-twin/real/camera/workspace/build/infra_camera/build
[1.126s] creating /home/yamada-koki/jasa_work/hakoniwa-digital-twin/real/camera/workspace/build/infra_camera/build/lib
[1.126s] creating /home/yamada-koki/jasa_work/hakoniwa-digital-twin/real/camera/workspace/build/infra_camera/build/lib/infra_camera
[1.126s] copying infra_camera/camera_publisher.py -> /home/yamada-koki/jasa_work/hakoniwa-digital-twin/real/camera/workspace/build/infra_camera/build/lib/infra_camera
[1.126s] copying infra_camera/__init__.py -> /home/yamada-koki/jasa_work/hakoniwa-digital-twin/real/camera/workspace/build/infra_camera/build/lib/infra_camera
[1.126s] running install
[1.132s] running install_lib
[1.150s] creating /home/yamada-koki/jasa_work/hakoniwa-digital-twin/real/camera/workspace/install/infra_camera/lib/python3.12/site-packages/infra_camera
[1.151s] copying /home/yamada-koki/jasa_work/hakoniwa-digital-twin/real/camera/workspace/build/infra_camera/build/lib/infra_camera/camera_publisher.py -> /home/yamada-koki/jasa_work/hakoniwa-digital-twin/real/camera/workspace/install/infra_camera/lib/python3.12/site-packages/infra_camera
[1.151s] copying /home/yamada-koki/jasa_work/hakoniwa-digital-twin/real/camera/workspace/build/infra_camera/build/lib/infra_camera/__init__.py -> /home/yamada-koki/jasa_work/hakoniwa-digital-twin/real/camera/workspace/install/infra_camera/lib/python3.12/site-packages/infra_camera
[1.151s] byte-compiling /home/yamada-koki/jasa_work/hakoniwa-digital-twin/real/camera/workspace/install/infra_camera/lib/python3.12/site-packages/infra_camera/camera_publisher.py to camera_publisher.cpython-312.pyc
[1.152s] byte-compiling /home/yamada-koki/jasa_work/hakoniwa-digital-twin/real/camera/workspace/install/infra_camera/lib/python3.12/site-packages/infra_camera/__init__.py to __init__.cpython-312.pyc
[1.152s] running install_data
[1.152s] creating /home/yamada-koki/jasa_work/hakoniwa-digital-twin/real/camera/workspace/install/infra_camera/share/ament_index
[1.152s] creating /home/yamada-koki/jasa_work/hakoniwa-digital-twin/real/camera/workspace/install/infra_camera/share/ament_index/resource_index
[1.152s] creating /home/yamada-koki/jasa_work/hakoniwa-digital-twin/real/camera/workspace/install/infra_camera/share/ament_index/resource_index/packages
[1.152s] copying resource/infra_camera -> /home/yamada-koki/jasa_work/hakoniwa-digital-twin/real/camera/workspace/install/infra_camera/share/ament_index/resource_index/packages
[1.152s] copying package.xml -> /home/yamada-koki/jasa_work/hakoniwa-digital-twin/real/camera/workspace/install/infra_camera/share/infra_camera
[1.152s] running install_egg_info
[1.172s] Copying ../build/infra_camera/infra_camera.egg-info to /home/yamada-koki/jasa_work/hakoniwa-digital-twin/real/camera/workspace/install/infra_camera/lib/python3.12/site-packages/infra_camera-0.0.0-py3.12.egg-info
[1.172s] running install_scripts
[1.290s] writing list of installed files to '/home/yamada-koki/jasa_work/hakoniwa-digital-twin/real/camera/workspace/build/infra_camera/install.log'
[1.313s] Invoked command in '/home/yamada-koki/jasa_work/hakoniwa-digital-twin/real/camera/workspace/infra_camera' returned '0': DEBUGINFOD_URLS=https://debuginfod.ubuntu.com PS1=(hakoniwa_camera) \[\e]0;\u@\h: \w\a\]${debian_chroot:+($debian_chroot)}\[\033[01;32m\]\u@\h\[\033[00m\]:\[\033[01;34m\]\w\[\033[00m\]\$ PYTHONPATH=/home/yamada-koki/jasa_work/hakoniwa-digital-twin/real/camera/workspace/build/infra_camera/prefix_override:/usr/lib/python3/dist-packages/colcon_core/task/python/colcon_distutils_commands:/home/yamada-koki/jasa_work/hakoniwa-digital-twin/real/camera/workspace/install/infra_camera/lib/python3.12/site-packages:${PYTHONPATH} VIRTUAL_ENV_PROMPT=(hakoniwa_camera) /usr/bin/python3 -W ignore:setup.py install is deprecated setup.py egg_info --egg-base ../build/infra_camera build --build-base /home/yamada-koki/jasa_work/hakoniwa-digital-twin/real/camera/workspace/build/infra_camera/build install --record /home/yamada-koki/jasa_work/hakoniwa-digital-twin/real/camera/workspace/build/infra_camera/install.log --single-version-externally-managed install_data
